[2026-09-06 09:11:48] ===== بدء التحديث اليومي =====
[2026-09-06 09:12:06] Chrome جاهز: https://app.alriyadh.gov.sa/BLS/loginApi
[2026-09-06 09:12:14] --- محاولة السحب 1/10 ---
[2026-09-06 09:14:14] الخروج: 1
[2026-09-06 09:13:54] نقر: BLS8000 -> BLS8000 - متابعة الطلبات
[2026-09-06 09:13:58] نقر: BLS8500 -> BLS8500 - الاستعلامات
[2026-09-06 09:14:02] نقر: BLS8510 -> BLS8500 - الاستعلامات
[2026-09-06 09:14:11] النص الحالي: عبدالله علي عيسى نافع | نظام رخص البناء | نظام رخص البناء
[2026-09-06 09:14:11] ERROR: تعذر الوصول لشاشة BLS8510
[2026-09-06 09:14:19] --- محاولة السحب 2/10 ---
[2026-09-06 09:16:20] الخروج: 1
[2026-09-06 09:15:32] نقر: BLS8000 -> BLS8000 - متابعة الطلبات
[2026-09-06 09:15:36] نقر: BLS8500 -> BLS8500 - الاستعلامات
[2026-09-06 09:15:40] نقر: BLS8510 -> BLS8500 - الاستعلامات
[2026-09-06 09:15:49] النص الحالي: عبدالله علي عيسى نافع | نظام رخص البناء | نظام رخص البناء
[2026-09-06 09:15:49] ERROR: تعذر الوصول لشاشة BLS8510
[2026-09-06 09:16:25] --- محاولة السحب 3/10 ---
[2026-09-06 09:18:56] الخروج: 1
[2026-09-06 09:18:09] نقر: BLS8000 -> BLS8000 - متابعة الطلبات
[2026-09-06 09:18:13] نقر: BLS8500 -> BLS8500 - الاستعلامات
[2026-09-06 09:18:17] نقر: BLS8510 -> BLS8500 - الاستعلامات
[2026-09-06 09:18:26] النص الحالي: عبدالله علي عيسى نافع | نظام رخص البناء | نظام رخص البناء
[2026-09-06 09:18:26] ERROR: تعذر الوصول لشاشة BLS8510
[2026-09-06 09:19:01] --- محاولة السحب 4/10 ---
[2026-09-06 09:19:31] الخروج: 1
[2026-09-06 09:19:24] عنصر غير موجود: BLS8000
[2026-09-06 09:19:24] عنصر غير موجود: BLS8500
[2026-09-06 09:19:24] عنصر غير موجود: BLS8510
[2026-09-06 09:19:29] النص الحالي: عبدالله علي عيسى نافع | نظام رخص البناء | نظام رخص البناء
[2026-09-06 09:19:29] ERROR: تعذر الوصول لشاشة BLS8510
[2026-09-06 09:19:36] --- محاولة السحب 5/10 ---
[2026-09-06 09:20:06] الخروج: 1
[2026-09-06 09:19:58] عنصر غير موجود: BLS8000
[2026-09-06 09:19:58] عنصر غير موجود: BLS8500
[2026-09-06 09:19:58] عنصر غير موجود: BLS8510
[2026-09-06 09:20:03] النص الحالي: عبدالله علي عيسى نافع | نظام رخص البناء | نظام رخص البناء
[2026-09-06 09:20:03] ERROR: تعذر الوصول لشاشة BLS8510
[2026-09-06 09:20:11] --- محاولة السحب 6/10 ---
[2026-09-06 09:20:38] ===== بدء التحديث اليومي =====
[2026-09-06 09:20:50] Chrome جاهز: https://app.alriyadh.gov.sa/BLS/loginApi
[2026-09-06 09:20:58] --- محاولة السحب 1/10 ---
[2026-09-06 09:22:28] الخروج: 1
[2026-09-06 09:21:57] عنصر غير موجود: BLS8000
[2026-09-06 09:22:00] عنصر غير موجود: BLS8500
[2026-09-06 09:22:03] عنصر غير موجود: BLS8510
[2026-09-06 09:22:11] النص الحالي: عبدالله علي عيسى نافع | نظام رخص البناء | نظام رخص البناء
[2026-09-06 09:22:11] ERROR: تعذر الوصول لشاشة BLS8510
[2026-09-06 09:22:33] --- محاولة السحب 2/10 ---
[2026-09-06 09:24:03] الخروج: 1
[2026-09-06 09:23:32] عنصر غير موجود: BLS8000
[2026-09-06 09:23:35] عنصر غير موجود: BLS8500
[2026-09-06 09:23:38] عنصر غير موجود: BLS8510
[2026-09-06 09:23:46] النص الحالي: عبدالله علي عيسى نافع | نظام رخص البناء | نظام رخص البناء
[2026-09-06 09:23:46] ERROR: تعذر الوصول لشاشة BLS8510
[2026-09-06 09:24:08] --- محاولة السحب 3/10 ---
[2026-09-06 09:25:08] الخروج: 4294967295
[2026-09-06 09:24:28] عنصر غير موجود: BLS8500
[2026-09-06 09:24:31] عنصر غير موجود: BLS8510
[2026-09-06 09:24:39] عنصر غير موجود: BLS8000
[2026-09-06 09:24:42] عنصر غير موجود: BLS8500
[2026-09-06 09:24:45] عنصر غير موجود: BLS8510
[2026-09-06 09:25:13] --- محاولة السحب 4/10 ---
[2026-09-06 09:26:44] الخروج: 1
[2026-09-06 09:26:12] عنصر غير موجود: BLS8000
[2026-09-06 09:26:15] عنصر غير موجود: BLS8500
[2026-09-06 09:26:18] عنصر غير موجود: BLS8510
[2026-09-06 09:26:26] النص الحالي: عبدالله علي عيسى نافع | نظام رخص البناء | نظام رخص البناء
[2026-09-06 09:26:26] ERROR: تعذر الوصول لشاشة BLS8510
[2026-09-06 09:26:49] --- محاولة السحب 5/10 ---
[2026-09-06 09:28:19] الخروج: 1
[2026-09-06 09:27:48] عنصر غير موجود: BLS8000
[2026-09-06 09:27:51] عنصر غير موجود: BLS8500
[2026-09-06 09:27:54] عنصر غير موجود: BLS8510
[2026-09-06 09:28:02] النص الحالي: عبدالله علي عيسى نافع | نظام رخص البناء | نظام رخص البناء
[2026-09-06 09:28:02] ERROR: تعذر الوصول لشاشة BLS8510
[2026-09-06 09:28:24] --- محاولة السحب 6/10 ---
[2026-09-06 09:29:54] الخروج: 1
[2026-09-06 09:29:23] عنصر غير موجود: BLS8000
[2026-09-06 09:29:26] عنصر غير موجود: BLS8500
[2026-09-06 09:29:29] عنصر غير موجود: BLS8510
[2026-09-06 09:29:37] النص الحالي: عبدالله علي عيسى نافع | نظام رخص البناء | نظام رخص البناء
[2026-09-06 09:29:37] ERROR: تعذر الوصول لشاشة BLS8510
[2026-09-06 09:29:59] --- محاولة السحب 7/10 ---
[2026-09-06 09:31:29] الخروج: 1
[2026-09-06 09:30:58] عنصر غير موجود: BLS8000
[2026-09-06 09:31:01] عنصر غير موجود: BLS8500
[2026-09-06 09:31:04] عنصر غير موجود: BLS8510
[2026-09-06 09:31:12] النص الحالي: عبدالله علي عيسى نافع | نظام رخص البناء | نظام رخص البناء
[2026-09-06 09:31:12] ERROR: تعذر الوصول لشاشة BLS8510
[2026-09-06 09:31:34] --- محاولة السحب 8/10 ---
[2026-09-06 09:33:04] الخروج: 1
[2026-09-06 09:32:33] عنصر غير موجود: BLS8000
[2026-09-06 09:32:36] عنصر غير موجود: BLS8500
[2026-09-06 09:32:39] عنصر غير موجود: BLS8510
[2026-09-06 09:32:47] النص الحالي: عبدالله علي عيسى نافع | نظام رخص البناء | نظام رخص البناء
[2026-09-06 09:32:47] ERROR: تعذر الوصول لشاشة BLS8510
[2026-09-06 09:33:09] --- محاولة السحب 9/10 ---
[2026-09-06 09:34:40] الخروج: 1
[2026-09-06 09:34:08] عنصر غير موجود: BLS8000
[2026-09-06 09:34:11] عنصر غير موجود: BLS8500
[2026-09-06 09:34:14] عنصر غير موجود: BLS8510
[2026-09-06 09:34:22] النص الحالي: عبدالله علي عيسى نافع | نظام رخص البناء | نظام رخص البناء
[2026-09-06 09:34:22] ERROR: تعذر الوصول لشاشة BLS8510
[2026-09-06 09:34:45] --- محاولة السحب 10/10 ---
[2026-09-06 09:36:15] الخروج: 1
[2026-09-06 09:35:44] عنصر غير موجود: BLS8000
[2026-09-06 09:35:47] عنصر غير موجود: BLS8500
[2026-09-06 09:35:50] عنصر غير موجود: BLS8510
[2026-09-06 09:35:58] النص الحالي: عبدالله علي عيسى نافع | نظام رخص البناء | نظام رخص البناء
[2026-09-06 09:35:58] ERROR: تعذر الوصول لشاشة BLS8510
[2026-09-06 09:36:20] ===== نهاية التحديث اليومي =====

[2026-09-06 13:58:45] ===== بدء التحديث اليومي =====
[2026-09-06 13:58:51] Chrome جاهز: https://app.alriyadh.gov.sa/BLS/loginApi
[2026-09-06 13:58:59] --- محاولة السحب 1/10 ---
[2026-09-06 14:00:59] الخروج: 1
[2026-09-06 14:00:17] عنصر غير موجود: BLS8000
[2026-09-06 14:00:20] عنصر غير موجود: BLS8500
[2026-09-06 14:00:23] عنصر غير موجود: BLS8510
[2026-09-06 14:00:31] النص الحالي: عبدالله علي عيسى نافع | نظام رخص البناء | نظام رخص البناء
[2026-09-06 14:00:31] ERROR: تعذر الوصول لشاشة BLS8510
[2026-09-06 14:01:04] --- محاولة السحب 2/10 ---
[2026-09-06 14:02:34] الخروج: 1
[2026-09-06 14:02:08] عنصر غير موجود: BLS8000
[2026-09-06 14:02:11] عنصر غير موجود: BLS8500
[2026-09-06 14:02:14] عنصر غير موجود: BLS8510
[2026-09-06 14:02:22] النص الحالي: عبدالله علي عيسى نافع | نظام رخص البناء | نظام رخص البناء
[2026-09-06 14:02:22] ERROR: تعذر الوصول لشاشة BLS8510
[2026-09-06 14:02:39] --- محاولة السحب 3/10 ---
[2026-09-06 14:05:29] ===== بدء التحديث اليومي =====
[2026-09-06 14:05:35] Chrome جاهز: https://app.alriyadh.gov.sa/BLS/loginApi
[2026-09-06 14:05:43] --- محاولة السحب 1/10 ---
[2026-09-06 14:55:17] ===== بدء التحديث اليومي =====
[2026-09-06 14:55:24] Chrome جاهز: https://app.alriyadh.gov.sa/BLS/loginApi
[2026-09-06 14:55:32] --- محاولة السحب 1/10 ---
[2026-09-06 14:55:43] الخروج: 1
[2026-09-06 14:55:34] الرابط: https://app.alriyadh.gov.sa/BLS/faces/home
[2026-09-06 14:55:34] شاشة BLS8510 مؤكدة (المحاولة 1)
[2026-09-06 14:55:34] ضبط التواريخ والبحث...
[2026-09-06 14:55:36] From date set (1447/04/13): True | To date set (1448/03/24): True
[2026-09-06 14:55:43] بيانات: 12365 سجل، 2473 صفحة (5 لكل صفحة)
[2026-09-06 14:55:48] --- محاولة السحب 2/10 ---
[2026-09-06 15:08:54] ===== بدء التحديث اليومي =====
[2026-09-06 15:09:00] Chrome جاهز: https://app.alriyadh.gov.sa/BLS/loginApi
[2026-09-06 15:09:08] --- محاولة السحب 1/10 ---
[2026-09-06 15:45:43] ===== بدء التحديث اليومي =====
[2026-09-06 15:45:49] Chrome جاهز: https://app.alriyadh.gov.sa/BLS/loginApi
[2026-09-06 15:45:57] --- محاولة السحب 1/10 ---
[2026-09-06 17:13:58] الخروج: 0
[2026-09-06 17:13:40] اكتمل الجمع: 12364 من 12369 (فرق 5 صف ≈ صفحة، مقبول)
[2026-09-06 17:13:40] DataFrame: 12364 صف، 15 عمود
[2026-09-06 17:13:44] حفظ data.xlsx (1218 KB)
[2026-09-06 17:13:54] تم الرفع لـ GitHub
[2026-09-06 17:13:54] === انتهت العملية بنجاح ===
[2026-09-06 17:13:58] *** نجح السحب والرفع ***
[2026-09-06 17:13:58] ===== نهاية التحديث اليومي =====

[2026-09-08 06:00:11] ===== بدء التحديث اليومي =====
[2026-09-08 06:00:17] Chrome جاهز: https://app.alriyadh.gov.sa/BLS/loginApi
[2026-09-08 06:00:25] --- محاولة السحب 1/10 ---
[2026-09-08 06:01:55] الخروج: 1
[2026-09-08 06:01:30] عنصر غير موجود: BLS8000
[2026-09-08 06:01:33] عنصر غير موجود: BLS8500
[2026-09-08 06:01:36] عنصر غير موجود: BLS8510
[2026-09-08 06:01:44] النص الحالي: عبدالله علي عيسى نافع | نظام رخص البناء | نظام رخص البناء
[2026-09-08 06:01:44] ERROR: تعذر الوصول لشاشة BLS8510
[2026-09-08 06:02:00] --- محاولة السحب 2/10 ---
[2026-09-08 06:03:30] الخروج: 1
[2026-09-08 06:02:58] عنصر غير موجود: BLS8000
[2026-09-08 06:03:01] عنصر غير موجود: BLS8500
[2026-09-08 06:03:04] عنصر غير موجود: BLS8510
[2026-09-08 06:03:12] النص الحالي: عبدالله علي عيسى نافع | نظام رخص البناء | نظام رخص البناء
[2026-09-08 06:03:12] ERROR: تعذر الوصول لشاشة BLS8510
[2026-09-08 06:03:35] --- محاولة السحب 3/10 ---
[2026-09-08 06:05:05] الخروج: 1
[2026-09-08 06:04:33] عنصر غير موجود: BLS8000
[2026-09-08 06:04:36] عنصر غير موجود: BLS8500
[2026-09-08 06:04:39] عنصر غير موجود: BLS8510
[2026-09-08 06:04:47] النص الحالي: عبدالله علي عيسى نافع | نظام رخص البناء | نظام رخص البناء
[2026-09-08 06:04:47] ERROR: تعذر الوصول لشاشة BLS8510
[2026-09-08 06:05:10] --- محاولة السحب 4/10 ---
[2026-09-08 06:06:40] الخروج: 1
[2026-09-08 06:06:08] عنصر غير موجود: BLS8000
[2026-09-08 06:06:11] عنصر غير موجود: BLS8500
[2026-09-08 06:06:14] عنصر غير موجود: BLS8510
[2026-09-08 06:06:22] النص الحالي: عبدالله علي عيسى نافع | نظام رخص البناء | نظام رخص البناء
[2026-09-08 06:06:22] ERROR: تعذر الوصول لشاشة BLS8510
[2026-09-08 06:06:45] --- محاولة السحب 5/10 ---
[2026-09-08 06:08:16] الخروج: 1
[2026-09-08 06:07:43] عنصر غير موجود: BLS8000
[2026-09-08 06:07:46] عنصر غير موجود: BLS8500
[2026-09-08 06:07:49] عنصر غير موجود: BLS8510
[2026-09-08 06:07:57] النص الحالي: عبدالله علي عيسى نافع | نظام رخص البناء | نظام رخص البناء
[2026-09-08 06:07:57] ERROR: تعذر الوصول لشاشة BLS8510
[2026-09-08 06:08:21] --- محاولة السحب 6/10 ---
[2026-09-08 06:09:51] الخروج: 1
[2026-09-08 06:09:18] عنصر غير موجود: BLS8000
[2026-09-08 06:09:21] عنصر غير موجود: BLS8500
[2026-09-08 06:09:24] عنصر غير موجود: BLS8510
[2026-09-08 06:09:32] النص الحالي: عبدالله علي عيسى نافع | نظام رخص البناء | نظام رخص البناء
[2026-09-08 06:09:32] ERROR: تعذر الوصول لشاشة BLS8510
[2026-09-08 06:09:56] --- محاولة السحب 7/10 ---
[2026-09-08 06:11:26] الخروج: 1
[2026-09-08 06:10:53] عنصر غير موجود: BLS8000
[2026-09-08 06:10:56] عنصر غير موجود: BLS8500
[2026-09-08 06:10:59] عنصر غير موجود: BLS8510
[2026-09-08 06:11:07] النص الحالي: عبدالله علي عيسى نافع | نظام رخص البناء | نظام رخص البناء
[2026-09-08 06:11:07] ERROR: تعذر الوصول لشاشة BLS8510
[2026-09-08 06:11:31] --- محاولة السحب 8/10 ---
[2026-09-08 06:13:01] الخروج: 1
[2026-09-08 06:12:28] عنصر غير موجود: BLS8000
[2026-09-08 06:12:31] عنصر غير موجود: BLS8500
[2026-09-08 06:12:34] عنصر غير موجود: BLS8510
[2026-09-08 06:12:42] النص الحالي: عبدالله علي عيسى نافع | نظام رخص البناء | نظام رخص البناء
[2026-09-08 06:12:42] ERROR: تعذر الوصول لشاشة BLS8510
[2026-09-08 06:13:06] --- محاولة السحب 9/10 ---
[2026-09-08 06:14:36] الخروج: 1
[2026-09-08 06:14:04] عنصر غير موجود: BLS8000
[2026-09-08 06:14:07] عنصر غير موجود: BLS8500
[2026-09-08 06:14:10] عنصر غير موجود: BLS8510
[2026-09-08 06:14:18] النص الحالي: عبدالله علي عيسى نافع | نظام رخص البناء | نظام رخص البناء
[2026-09-08 06:14:18] ERROR: تعذر الوصول لشاشة BLS8510
[2026-09-08 06:14:41] --- محاولة السحب 10/10 ---
[2026-09-08 06:16:11] الخروج: 1
[2026-09-08 06:15:38] عنصر غير موجود: BLS8000
[2026-09-08 06:15:41] عنصر غير موجود: BLS8500
[2026-09-08 06:15:44] عنصر غير موجود: BLS8510
[2026-09-08 06:15:52] النص الحالي: عبدالله علي عيسى نافع | نظام رخص البناء | نظام رخص البناء
[2026-09-08 06:15:52] ERROR: تعذر الوصول لشاشة BLS8510
[2026-09-08 06:16:16] ===== نهاية التحديث اليومي =====

[2026-09-09 06:00:18] ===== بدء التحديث اليومي =====
[2026-09-09 06:00:31] Chrome جاهز: https://app.alriyadh.gov.sa/BLS/loginApi
[2026-09-09 06:00:39] --- محاولة السحب 1/10 ---
[2026-09-09 06:02:09] الخروج: 1
[2026-09-09 06:01:48] عنصر غير موجود: BLS8000
[2026-09-09 06:01:51] عنصر غير موجود: BLS8500
[2026-09-09 06:01:54] عنصر غير موجود: BLS8510
[2026-09-09 06:02:02] النص الحالي: عبدالله علي عيسى نافع | نظام رخص البناء | نظام رخص البناء
[2026-09-09 06:02:02] ERROR: تعذر الوصول لشاشة BLS8510
[2026-09-09 06:02:14] --- محاولة السحب 2/10 ---
[2026-09-09 06:03:44] الخروج: 1
[2026-09-09 06:03:12] عنصر غير موجود: BLS8000
[2026-09-09 06:03:15] عنصر غير موجود: BLS8500
[2026-09-09 06:03:18] عنصر غير موجود: BLS8510
[2026-09-09 06:03:26] النص الحالي: عبدالله علي عيسى نافع | نظام رخص البناء | نظام رخص البناء
[2026-09-09 06:03:26] ERROR: تعذر الوصول لشاشة BLS8510
[2026-09-09 06:03:49] --- محاولة السحب 3/10 ---
[2026-09-09 06:05:19] الخروج: 1
[2026-09-09 06:04:47] عنصر غير موجود: BLS8000
[2026-09-09 06:04:50] عنصر غير موجود: BLS8500
[2026-09-09 06:04:53] عنصر غير موجود: BLS8510
[2026-09-09 06:05:01] النص الحالي: عبدالله علي عيسى نافع | نظام رخص البناء | نظام رخص البناء
[2026-09-09 06:05:01] ERROR: تعذر الوصول لشاشة BLS8510
[2026-09-09 06:05:24] --- محاولة السحب 4/10 ---
[2026-09-09 06:06:54] الخروج: 1
[2026-09-09 06:06:23] عنصر غير موجود: BLS8000
[2026-09-09 06:06:26] عنصر غير موجود: BLS8500
[2026-09-09 06:06:29] عنصر غير موجود: BLS8510
[2026-09-09 06:06:37] النص الحالي: عبدالله علي عيسى نافع | نظام رخص البناء | نظام رخص البناء
[2026-09-09 06:06:37] ERROR: تعذر الوصول لشاشة BLS8510
[2026-09-09 06:06:59] --- محاولة السحب 5/10 ---
[2026-09-09 06:08:30] الخروج: 1
[2026-09-09 06:07:58] عنصر غير موجود: BLS8000
[2026-09-09 06:08:01] عنصر غير موجود: BLS8500
[2026-09-09 06:08:04] عنصر غير موجود: BLS8510
[2026-09-09 06:08:12] النص الحالي: عبدالله علي عيسى نافع | نظام رخص البناء | نظام رخص البناء
[2026-09-09 06:08:12] ERROR: تعذر الوصول لشاشة BLS8510
[2026-09-09 06:08:35] --- محاولة السحب 6/10 ---
[2026-09-09 06:10:05] الخروج: 1
[2026-09-09 06:09:33] عنصر غير موجود: BLS8000
[2026-09-09 06:09:36] عنصر غير موجود: BLS8500
[2026-09-09 06:09:39] عنصر غير موجود: BLS8510
[2026-09-09 06:09:47] النص الحالي: عبدالله علي عيسى نافع | نظام رخص البناء | نظام رخص البناء
[2026-09-09 06:09:47] ERROR: تعذر الوصول لشاشة BLS8510
[2026-09-09 06:10:10] --- محاولة السحب 7/10 ---
[2026-09-09 06:11:40] الخروج: 1
[2026-09-09 06:11:08] عنصر غير موجود: BLS8000
[2026-09-09 06:11:11] عنصر غير موجود: BLS8500
[2026-09-09 06:11:14] عنصر غير موجود: BLS8510
[2026-09-09 06:11:22] النص الحالي: عبدالله علي عيسى نافع | نظام رخص البناء | نظام رخص البناء
[2026-09-09 06:11:22] ERROR: تعذر الوصول لشاشة BLS8510
[2026-09-09 06:11:45] --- محاولة السحب 8/10 ---
[2026-09-09 06:13:15] الخروج: 1
[2026-09-09 06:12:43] عنصر غير موجود: BLS8000
[2026-09-09 06:12:46] عنصر غير موجود: BLS8500
[2026-09-09 06:12:49] عنصر غير موجود: BLS8510
[2026-09-09 06:12:57] النص الحالي: عبدالله علي عيسى نافع | نظام رخص البناء | نظام رخص البناء
[2026-09-09 06:12:57] ERROR: تعذر الوصول لشاشة BLS8510
[2026-09-09 06:13:20] --- محاولة السحب 9/10 ---
[2026-09-09 06:14:50] الخروج: 1
[2026-09-09 06:14:18] عنصر غير موجود: BLS8000
[2026-09-09 06:14:21] عنصر غير موجود: BLS8500
[2026-09-09 06:14:24] عنصر غير موجود: BLS8510
[2026-09-09 06:14:32] النص الحالي: عبدالله علي عيسى نافع | نظام رخص البناء | نظام رخص البناء
[2026-09-09 06:14:32] ERROR: تعذر الوصول لشاشة BLS8510
[2026-09-09 06:14:55] --- محاولة السحب 10/10 ---
[2026-09-09 06:16:25] الخروج: 1
[2026-09-09 06:15:53] عنصر غير موجود: BLS8000
[2026-09-09 06:15:56] عنصر غير موجود: BLS8500
[2026-09-09 06:15:59] عنصر غير موجود: BLS8510
[2026-09-09 06:16:07] النص الحالي: عبدالله علي عيسى نافع | نظام رخص البناء | نظام رخص البناء
[2026-09-09 06:16:07] ERROR: تعذر الوصول لشاشة BLS8510
[2026-09-09 06:16:30] ===== نهاية التحديث اليومي =====

[2026-09-10 06:00:22] ===== بدء التحديث اليومي =====
[2026-09-10 06:00:33] Chrome جاهز: https://app.alriyadh.gov.sa/BLS/loginApi
[2026-09-10 06:00:41] --- محاولة السحب 1/10 ---
[2026-09-10 06:08:11] الخروج: 3
[2026-09-10 06:07:23]   تقدم الصفحة 1843 لم يُؤكد (1)
[2026-09-10 06:07:32] عامل 3: شريحة صفحات 1879-2503: 3138 صف
[2026-09-10 06:07:44] عامل 2: شريحة صفحات 1253-1878: 3145 صف
[2026-09-10 06:07:44] تم جمع 6593 صف (متوقع ~12513)
[2026-09-10 06:07:44] ERROR: الجمع ناقص 6593 من أصل 12513 — ستتم إعادة المحاولة
[2026-09-10 06:08:16] --- محاولة السحب 2/10 ---
[2026-09-10 06:20:16] الخروج: 1
[2026-09-10 06:07:44] ERROR: الجمع ناقص 6593 من أصل 12513 — ستتم إعادة المحاولة
[2026-09-10 06:08:24] ============================================================
[2026-09-10 06:08:24] بدء السحب التلقائي (نسخة مُعجَّلة)
[2026-09-10 06:08:55] الرابط: 
[2026-09-10 06:19:51] ERROR: تعذر الوصول لشاشة BLS8510
[2026-09-10 06:20:21] --- محاولة السحب 3/10 ---
[2026-09-10 06:32:21] الخروج: 1
[2026-09-10 06:19:51] ERROR: تعذر الوصول لشاشة BLS8510
[2026-09-10 06:20:30] ============================================================
[2026-09-10 06:20:30] بدء السحب التلقائي (نسخة مُعجَّلة)
[2026-09-10 06:21:01] الرابط: 
[2026-09-10 06:31:58] ERROR: تعذر الوصول لشاشة BLS8510
[2026-09-10 06:32:26] --- محاولة السحب 4/10 ---
[2026-09-10 06:44:26] الخروج: 1
[2026-09-10 06:31:58] ERROR: تعذر الوصول لشاشة BLS8510
[2026-09-10 06:32:37] ============================================================
[2026-09-10 06:32:37] بدء السحب التلقائي (نسخة مُعجَّلة)
[2026-09-10 06:33:08] الرابط: 
[2026-09-10 06:44:04] ERROR: تعذر الوصول لشاشة BLS8510
[2026-09-10 06:44:31] --- محاولة السحب 5/10 ---
[2026-09-10 06:56:31] الخروج: 1
[2026-09-10 06:44:04] ERROR: تعذر الوصول لشاشة BLS8510
[2026-09-10 06:44:37] ============================================================
[2026-09-10 06:44:37] بدء السحب التلقائي (نسخة مُعجَّلة)
[2026-09-10 06:45:08] الرابط: 
[2026-09-10 06:56:04] ERROR: تعذر الوصول لشاشة BLS8510
[2026-09-10 06:56:36] --- محاولة السحب 6/10 ---
[2026-09-10 07:08:36] الخروج: 1
[2026-09-10 06:56:04] ERROR: تعذر الوصول لشاشة BLS8510
[2026-09-10 06:56:44] ============================================================
[2026-09-10 06:56:44] بدء السحب التلقائي (نسخة مُعجَّلة)
[2026-09-10 06:57:15] الرابط: 
[2026-09-10 07:08:11] ERROR: تعذر الوصول لشاشة BLS8510
[2026-09-10 07:08:41] --- محاولة السحب 7/10 ---
[2026-09-10 07:20:44] الخروج: 1
[2026-09-10 07:08:11] ERROR: تعذر الوصول لشاشة BLS8510
[2026-09-10 07:08:58] ============================================================
[2026-09-10 07:08:58] بدء السحب التلقائي (نسخة مُعجَّلة)
[2026-09-10 07:09:29] الرابط: 
[2026-09-10 07:20:25] ERROR: تعذر الوصول لشاشة BLS8510
[2026-09-10 07:20:49] --- محاولة السحب 8/10 ---
[2026-09-10 07:32:49] الخروج: 1
[2026-09-10 07:20:25] ERROR: تعذر الوصول لشاشة BLS8510
[2026-09-10 07:20:57] ============================================================
[2026-09-10 07:20:57] بدء السحب التلقائي (نسخة مُعجَّلة)
[2026-09-10 07:21:28] الرابط: 
[2026-09-10 07:32:25] ERROR: تعذر الوصول لشاشة BLS8510
[2026-09-10 07:32:54] --- محاولة السحب 9/10 ---
[2026-09-10 07:44:54] الخروج: 1
[2026-09-10 07:32:25] ERROR: تعذر الوصول لشاشة BLS8510
[2026-09-10 07:33:04] ============================================================
[2026-09-10 07:33:04] بدء السحب التلقائي (نسخة مُعجَّلة)
[2026-09-10 07:33:35] الرابط: 
[2026-09-10 07:44:31] ERROR: تعذر الوصول لشاشة BLS8510
[2026-09-10 07:44:59] --- محاولة السحب 10/10 ---
[2026-09-10 07:56:59] الخروج: 1
[2026-09-10 07:44:31] ERROR: تعذر الوصول لشاشة BLS8510
[2026-09-10 07:45:05] ============================================================
[2026-09-10 07:45:05] بدء السحب التلقائي (نسخة مُعجَّلة)
[2026-09-10 07:45:36] الرابط: 
[2026-09-10 07:56:32] ERROR: تعذر الوصول لشاشة BLS8510
[2026-09-10 07:57:04] ===== نهاية التحديث اليومي =====

