[2026-09-13 14:23:57] ==============================================================
[2026-09-13 14:23:57] مزامنة تزايدية BLS8510 (إضافة + تحديث حالة)
[2026-09-13 14:23:59] قاعدة حالية: 12571 سجل — آخر مراجعة: 1448/04/01
[2026-09-13 14:24:13] انتظار Chrome...
[2026-09-13 14:24:19] النافذة: 1448/04/01 ← 1448/12/29 (9 بلاطة)
[2026-09-13 14:24:35]   1448/04/01→1448/04/29: 40 سجل | 5 بالصفحة
[2026-09-13 14:24:46]   1448/04/01→1448/04/29: استعادة بحث عند صفحة 5 (1)
[2026-09-13 14:24:47]   إعادة محاولة ضبط :Fromdate::content = 1448/04/01: القراءة الفعلية ''
[2026-09-13 14:24:50]   إعادة محاولة ضبط :Fromdate::content = 1448/04/01: القراءة الفعلية ''
[2026-09-13 14:24:51]   إعادة محاولة ضبط :Fromdate::content = 1448/04/01: القراءة الفعلية ''
[2026-09-13 14:24:51]   1448/04/01→1448/04/29: فشل ضبط التواريخ
[2026-09-13 14:24:52]   1448/04/01→1448/04/29: استعادة بحث عند صفحة 5 (2)
[2026-09-13 14:24:53]   إعادة محاولة ضبط :Fromdate::content = 1448/04/01: القراءة الفعلية ''
[2026-09-13 14:24:54]   إعادة محاولة ضبط :Fromdate::content = 1448/04/01: القراءة الفعلية ''
[2026-09-13 14:24:55]   إعادة محاولة ضبط :Fromdate::content = 1448/04/01: القراءة الفعلية ''
[2026-09-13 14:24:55]   1448/04/01→1448/04/29: فشل ضبط التواريخ
[2026-09-13 14:24:57]   1448/04/01→1448/04/29: توقف عند صفحة 5 بعد 25 صف
[2026-09-13 14:24:57] عامل 1: 1448/04/01→1448/04/29 → stall (1)
[2026-09-13 14:25:14]   1448/04/01→1448/04/29: 40 سجل | 5 بالصفحة
[2026-09-13 14:25:17] عامل 1: 1448/04/01→1448/04/29 → ok (2)
[2026-09-13 14:25:17] اكتمال 1448/04/01→1448/04/29 — دلتا الآن 40 صفاً
[2026-09-13 14:25:48] عامل 2: 1448/05/01→1448/05/29 → q-fail (1)
[2026-09-13 14:25:50] عامل 3: 1448/06/01→1448/06/29 → q-fail (1)
[2026-09-13 14:25:52] عامل 4: 1448/07/01→1448/07/29 → q-fail (1)
[2026-09-13 14:25:54] عامل 5: 1448/08/01→1448/08/29 → q-fail (1)
[2026-09-13 14:25:56] عامل 6: 1448/09/01→1448/09/29 → q-fail (1)
[2026-09-13 14:26:43] عامل 1: 1448/10/01→1448/10/29 → q-fail (1)
[2026-09-13 14:27:16] عامل 2: 1448/05/01→1448/05/29 → q-fail (2)
[2026-09-13 14:27:18] عامل 3: 1448/06/01→1448/06/29 → q-fail (2)
[2026-09-13 14:27:20] عامل 4: 1448/07/01→1448/07/29 → q-fail (2)
[2026-09-13 14:27:22] عامل 5: 1448/08/01→1448/08/29 → q-fail (2)
[2026-09-13 14:27:24] عامل 6: 1448/09/01→1448/09/29 → q-fail (2)
[2026-09-13 14:28:11] عامل 1: 1448/10/01→1448/10/29 → q-fail (2)
[2026-09-13 14:28:45] عامل 2: 1448/05/01→1448/05/29 → q-fail (3)
[2026-09-13 14:28:46] عامل 3: 1448/06/01→1448/06/29 → q-fail (3)
[2026-09-13 14:28:48] عامل 4: 1448/07/01→1448/07/29 → q-fail (3)
[2026-09-13 14:28:50] عامل 5: 1448/08/01→1448/08/29 → q-fail (3)
[2026-09-13 14:28:52] عامل 6: 1448/09/01→1448/09/29 → q-fail (3)
