[2026-09-13 14:15:02] ==============================================================
[2026-09-13 14:15:02] سحب BLS8510 — متوازٍ (إعادة محاولة فورية + استئناف)
[2026-09-13 14:15:21] الإجمالي: 12612 سجل
[2026-09-13 14:15:25] استئناف: 9446 صف سابقة
[2026-09-13 14:15:25] شهور منجزة سابقاً: 11
[2026-09-13 14:15:25] النطاق: 10 شهراً عبر 6 عامل
[2026-09-13 14:15:41]   1447/07/01→1447/07/29: 1425 سجل | 5 بالصفحة
[2026-09-13 14:15:42]   1448/03/01→1448/03/29: 948 سجل | 5 بالصفحة
[2026-09-13 14:15:45]   1447/07/01→1447/07/29: استعادة بحث عند صفحة 247 (1)
[2026-09-13 14:15:46]   إعادة محاولة ضبط :Fromdate::content = 1447/07/01: القراءة الفعلية ''
[2026-09-13 14:15:47]   إعادة محاولة ضبط :Fromdate::content = 1447/07/01: القراءة الفعلية ''
[2026-09-13 14:15:48]   إعادة محاولة ضبط :Fromdate::content = 1447/07/01: القراءة الفعلية ''
[2026-09-13 14:15:48]   1447/07/01→1447/07/29: فشل ضبط التواريخ
[2026-09-13 14:15:50]   1447/07/01→1447/07/29: استعادة بحث عند صفحة 247 (2)
[2026-09-13 14:15:51]   إعادة محاولة ضبط :Fromdate::content = 1447/07/01: القراءة الفعلية ''
[2026-09-13 14:15:52]   إعادة محاولة ضبط :Fromdate::content = 1447/07/01: القراءة الفعلية ''
[2026-09-13 14:15:53]   إعادة محاولة ضبط :Fromdate::content = 1447/07/01: القراءة الفعلية ''
[2026-09-13 14:15:53]   1447/07/01→1447/07/29: فشل ضبط التواريخ
[2026-09-13 14:15:55]   1447/07/01→1447/07/29: توقف عند صفحة 247 بعد 0 صف
[2026-09-13 14:15:55] عامل 1: 1447/07/01→1447/07/29 → stall (محاولة 1)
[2026-09-13 14:16:12]   1447/07/01→1447/07/29: 1425 سجل | 5 بالصفحة
[2026-09-13 14:16:55] عامل 3: 1448/05/01→1448/05/29 → q-fail (محاولة 1)
[2026-09-13 14:16:57] عامل 4: 1448/06/01→1448/06/29 → q-fail (محاولة 1)
[2026-09-13 14:16:59] عامل 5: 1448/07/01→1448/07/29 → q-fail (محاولة 1)
[2026-09-13 14:17:01] عامل 6: 1448/08/01→1448/08/29 → q-fail (محاولة 1)
